apiVersion: kms.cnrm.cloud.google.com/v1alpha1
kind: KMSKeyHandle
metadata:
  finalizers:
  - cnrm.cloud.google.com/finalizer
  - cnrm.cloud.google.com/deletion-defender
  generation: 1
  labels:
    cnrm-test: "true"
  name: keyhandle-4
  namespace: ${uniqueId}
spec:
  location: us-central1
  projectRef:
    external: projects/autokey-resource
  resourceID: keyhandle-4
  resourceTypeSelector: compute.googleapis.com/Disk
status:
  conditions:
  - lastTransitionTime: "1970-01-01T00:00:00Z"
    message: The resource is up to date
    reason: UpToDate
    status: "True"
    type: Ready
  externalRef: projects/autokey-resource/locations/us-central1/keyHandles/keyhandle-4
  observedGeneration: 1
  observedState:
    kmsKey: projects/${projectId}/locations/us-central1/keyRings/autokey/cryptoKeys/190012159962-compute-disk-874a3e9203fe050f
